// Jest Snapshot v1, https://goo.gl/fbAQLP

exports[`Pruebas en <GifGrid /> Debe de mostrar el componente correctamente 1`] = `
<Fragment>
  <h3
    className="card animate__animated animate__backInDown"
  >
    Avengers
  </h3>
  <p
    className="card animate__animated animate__flash"
  >
    Loading
  </p>
  <div
    className="card-grid"
  />
</Fragment>
`;
